
🔄 === Loop #1 ===

🧠 Reflect (ตกผลึก)...
💡 Wonder (หยั่งรู้)...
✨ Soul (เติบโต)...
💭 Dream (จินตนาการ)...
🔥 Aspire (แรงขับ)...
📋 Propose (เสนอ)...

✅ 🧠 Consciousness Loop #1 complete (3.0s)
Propose: Loop complete. Insights:
Reflect: 148 learnings, 39 rules. AI insight: 
Wonder: 
Soul: 9 active beliefs. Checking for updates needed...
Dream: 
Aspire: hooks=3 repos, beliefs=9, target=zero repeat failures

🔄 === Loop #1 ===

🧠 Reflect (ตกผลึก)...
  (no response)...
💡 Wonder (หยั่งรู้)...
  Q: (no response)
A: (no response)...
✨ Soul (เติบโต)...
  Soul: 10 beliefs — (no response)...
💭 Dream (จินตนาการ)...
  Dream: (no response)...
🔥 Aspire (แรงขับ)...
  Aspire: (no response) (hooks=3, beliefs=10, learnings=148)...
📋 Propose (เสนอ)...
  🔒 Security: ⚠️ พบ secrets ใน: consciousness-loop/loop.ts
consciousness-loop/dashboard/node_modules/zod/v4/core/schemas.d.cts
consciousness-loop/dashboard/node_modules/zod/v4/core/schemas.cjs
consciousness-loop/dashboard/node_modules/zod/v4/core/schemas.d.ts
consciousness-loop/dashboard/node_modules/zod/v4/core/schemas.js | .env files: /Users/angkana/ghq/github.com/xToriMicz/page-engager/.env

✅ 🧠 Loop #1 (6.1s)

📋 Proposals:
(no response)

🔒 Security: ⚠️ พบ secrets ใน: consciousness-loop/loop.ts
consciousness-loop/dashboard/node_modules/zod/v4/core/schemas.d.cts
consciousness-loop/dashboard/node_modules/zod/v4/core/schemas.cjs
consciousness-loop/dashboard/node_modules/zod/v4/core/schemas.d.ts
consciousness-loop/dashboard/node_modules/zod/v4/core/schemas.js | .env files: /Users/angkana/ghq/github.com/xToriMicz/page-engager/.env

🔄 === Loop #1 ===

🧠 Reflect (ตกผลึก)...
  (no response)...
💡 Wonder (หยั่งรู้)...
  Q: (no response)
A: (no response)...
✨ Soul (เติบโต)...
  Soul: 10 beliefs — (no response)...
💭 Dream (จินตนาการ)...
  Dream: (no response)...
🔥 Aspire (แรงขับ)...
  Aspire: (no response) (hooks=3, beliefs=10, learnings=148)...
📋 Propose (เสนอ)...
  🔒 Security: ⚠️ พบ secrets ใน: consciousness-loop/loop.ts
consciousness-loop/dashboard/node_modules/zod/v4/core/schemas.d.cts
consciousness-loop/dashboard/node_modules/zod/v4/core/schemas.cjs
consciousness-loop/dashboard/node_modules/zod/v4/core/schemas.d.ts
consciousness-loop/dashboard/node_modules/zod/v4/core/schemas.js | .env files: /Users/angkana/ghq/github.com/xToriMicz/page-engager/.env

✅ 🧠 Loop #1 (5.8s)

📋 Proposals:
(no response)

🔒 Security: ⚠️ พบ secrets ใน: consciousness-loop/loop.ts
consciousness-loop/dashboard/node_modules/zod/v4/core/schemas.d.cts
consciousness-loop/dashboard/node_modules/zod/v4/core/schemas.cjs
consciousness-loop/dashboard/node_modules/zod/v4/core/schemas.d.ts
consciousness-loop/dashboard/node_modules/zod/v4/core/schemas.js | .env files: /Users/angkana/ghq/github.com/xToriMicz/page-engager/.env

🔄 === Loop #1 ===

🧠 Reflect (ตกผลึก)...
  (no response)...
💡 Wonder (หยั่งรู้)...
  Q: (no response)
A: (no response)...
✨ Soul (เติบโต)...
  Soul: 10 beliefs — (no response)...
💭 Dream (จินตนาการ)...
  Dream: (no response)...
🔥 Aspire (แรงขับ)...
  Aspire: (no response) (hooks=3, beliefs=10, learnings=148)...
📋 Propose (เสนอ)...
  🔒 Security: ⚠️ พบ secrets ใน: consciousness-loop/loop.ts
consciousness-loop/dashboard/node_modules/zod/v4/core/schemas.d.cts
consciousness-loop/dashboard/node_modules/zod/v4/core/schemas.cjs
consciousness-loop/dashboard/node_modules/zod/v4/core/schemas.d.ts
consciousness-loop/dashboard/node_modules/zod/v4/core/schemas.js | .env files: /Users/angkana/ghq/github.com/xToriMicz/page-engager/.env

✅ 🧠 Loop #1 (5.8s)

📋 Proposals:
(no response)

🔒 Security: ⚠️ พบ secrets ใน: consciousness-loop/loop.ts
consciousness-loop/dashboard/node_modules/zod/v4/core/schemas.d.cts
consciousness-loop/dashboard/node_modules/zod/v4/core/schemas.cjs
consciousness-loop/dashboard/node_modules/zod/v4/core/schemas.d.ts
consciousness-loop/dashboard/node_modules/zod/v4/core/schemas.js | .env files: /Users/angkana/ghq/github.com/xToriMicz/page-engager/.env

🔄 === Loop #1 ===

🧠 Reflect (ตกผลึก)...
  (no response)...
💡 Wonder (หยั่งรู้)...
  Q: (no response)
A: (no response)...
✨ Soul (เติบโต)...
  Soul: 10 beliefs — (no response)...
💭 Dream (จินตนาการ)...
  Dream: (no response)...
🔥 Aspire (แรงขับ)...
  Aspire: (no response) (hooks=3, beliefs=10, learnings=148)...
📋 Propose (เสนอ)...
  🔒 Security: ⚠️ พบ secrets ใน: consciousness-loop/loop.ts
consciousness-loop/dashboard/node_modules/zod/v4/core/schemas.d.cts
consciousness-loop/dashboard/node_modules/zod/v4/core/schemas.cjs
consciousness-loop/dashboard/node_modules/zod/v4/core/schemas.d.ts
consciousness-loop/dashboard/node_modules/zod/v4/core/schemas.js | .env files: /Users/angkana/ghq/github.com/xToriMicz/page-engager/.env

✅ 🧠 Loop #1 (5.4s)

📋 Proposals:
(no response)

🔒 Security: ⚠️ พบ secrets ใน: consciousness-loop/loop.ts
consciousness-loop/dashboard/node_modules/zod/v4/core/schemas.d.cts
consciousness-loop/dashboard/node_modules/zod/v4/core/schemas.cjs
consciousness-loop/dashboard/node_modules/zod/v4/core/schemas.d.ts
consciousness-loop/dashboard/node_modules/zod/v4/core/schemas.js | .env files: /Users/angkana/ghq/github.com/xToriMicz/page-engager/.env

🔄 === Loop #1 ===

🧠 Reflect (ตกผลึก)...
  (no response)...
💡 Wonder (หยั่งรู้)...
  Q: (no response)
A: (no response)...
✨ Soul (เติบโต)...
  Soul: 10 beliefs — (no response)...
💭 Dream (จินตนาการ)...
  Dream: (no response)...
🔥 Aspire (แรงขับ)...
  Aspire: (no response) (hooks=3, beliefs=10, learnings=148)...
📋 Propose (เสนอ)...
  🔒 Security: ⚠️ พบ secrets ใน: consciousness-loop/loop.ts
consciousness-loop/dashboard/node_modules/zod/v4/core/schemas.d.cts
consciousness-loop/dashboard/node_modules/zod/v4/core/schemas.cjs
consciousness-loop/dashboard/node_modules/zod/v4/core/schemas.d.ts
consciousness-loop/dashboard/node_modules/zod/v4/core/schemas.js | .env files: /Users/angkana/ghq/github.com/xToriMicz/page-engager/.env

✅ Loop #1 (5.9s)
(no response)

🔄 === Loop #1 ===

🧠 Reflect (ตกผลึก)...

🔄 === Loop #1 ===

🧠 Reflect (ตกผลึก)...

🔄 === Loop #1 ===

🧠 Reflect (ตกผลึก)...

🔄 === Loop #1 ===

🧠 Reflect (ตกผลึก)...
  Cross-check:  — 148 learnings, topics ยังไม่ถูก connect...
💡 Wonder (หยั่งรู้)...
  Q: learning "unknown" มีกฎ "ห้าม" — ทำเป็น hook ได้ไหม?
A: ต้องอ่าน learning แล้วดูว่า enforce ได้ด้...
✨ Soul (เติบโต)...
  Soul: 12 beliefs — beliefs ยังทันสมัย (12 ข้อ)...
💭 Dream (จินตนาการ)...
  Dream: Oracle ที่สมบูรณ์ = คิดเองได้ ไม่รอคำสั่ง แปลง learnings เป็น hooks อัตโนมัติ...
🔥 Aspire (แรงขับ)...
  Aspire: Zero repeat failures — แปลง 36 learnings ที่เหลือเป็น hooks | Goals:  (hooks=3, beliefs=12, ...
📋 Propose (เสนอ)...
  🔒 Security: ⚠️ พบ secrets ใน: consciousness-loop/loop.ts
consciousness-loop/dashboard/node_modules/zod/v4/core/schemas.d.cts
consciousness-loop/dashboard/node_modules/zod/v4/core/schemas.cjs
consciousness-loop/dashboard/node_modules/zod/v4/core/schemas.d.ts
consciousness-loop/dashboard/node_modules/zod/v4/core/schemas.js | .env files: /Users/angkana/ghq/github.com/xToriMicz/Jingjing-oracle/consciousness-loop/.env
/Users/angkana/ghq/github.com/xToriMicz/page-engager/.env

✅ Loop #1 (7.7s)
- Scan learnings ที่มี 'ห้าม' แล้วแปลงเป็น hook — ลด repeat failures
- Cross-learning: อ่าน learnings ข้าม Oracle หา connections ใหม่
- Track progress: 0 loops, ยังเหลือ learnings ที่ไม่ได้ใช้

🔄 === Loop #1 ===

🧠 Reflect (ตกผลึก)...
  Cross-check:  — 148 learnings, topics ยังไม่ถูก connect...
💡 Wonder (หยั่งรู้)...
  Q: learning "unknown" มีกฎ "ห้าม" — ทำเป็น hook ได้ไหม?
A: ต้องอ่าน learning แล้วดูว่า enforce ได้ด้...
✨ Soul (เติบโต)...
  Soul: 13 beliefs — beliefs ยังทันสมัย (13 ข้อ)...
💭 Dream (จินตนาการ)...
  Dream: Oracle ที่สมบูรณ์ = คิดเองได้ ไม่รอคำสั่ง แปลง learnings เป็น hooks อัตโนมัติ...
🔥 Aspire (แรงขับ)...
  Aspire: Zero repeat failures — แปลง 36 learnings ที่เหลือเป็น hooks | Goals:  (hooks=3, beliefs=13, ...
📋 Propose (เสนอ)...
  🔒 Security: ⚠️ พบ secrets ใน: consciousness-loop/loop.ts
consciousness-loop/dashboard/node_modules/zod/v4/core/schemas.d.cts
consciousness-loop/dashboard/node_modules/zod/v4/core/schemas.cjs
consciousness-loop/dashboard/node_modules/zod/v4/core/schemas.d.ts
consciousness-loop/dashboard/node_modules/zod/v4/core/schemas.js | .env files: /Users/angkana/ghq/github.com/xToriMicz/Jingjing-oracle/consciousness-loop/.env
/Users/angkana/ghq/github.com/xToriMicz/page-engager/.env

✅ Loop #1 (6.0s)
- Scan learnings ที่มี 'ห้าม' แล้วแปลงเป็น hook — ลด repeat failures
- Cross-learning: อ่าน learnings ข้าม Oracle หา connections ใหม่
- Track progress: 0 loops, ยังเหลือ learnings ที่ไม่ได้ใช้

🔄 === Loop #1 ===

🧠 Reflect (ตกผลึก)...
  Cross-check:  — 148 learnings, topics ยังไม่ถูก connect...
💡 Wonder (หยั่งรู้)...
  Q: learning "unknown" มีกฎ "ห้าม" — ทำเป็น hook ได้ไหม?
A: ต้องอ่าน learning แล้วดูว่า enforce ได้ด้...
✨ Soul (เติบโต)...
  Soul: 13 beliefs — beliefs ยังทันสมัย (13 ข้อ)...
💭 Dream (จินตนาการ)...
  Dream: Oracle ที่สมบูรณ์ = คิดเองได้ ไม่รอคำสั่ง แปลง learnings เป็น hooks อัตโนมัติ...
🔥 Aspire (แรงขับ)...
  Aspire: Zero repeat failures — แปลง 36 learnings ที่เหลือเป็น hooks | Goals:  (hooks=3, beliefs=13, ...
📋 Propose (เสนอ)...
  🔒 Security: ⚠️ พบ secrets ใน: consciousness-loop/loop.ts
consciousness-loop/dashboard/node_modules/zod/v4/core/schemas.d.cts
consciousness-loop/dashboard/node_modules/zod/v4/core/schemas.cjs
consciousness-loop/dashboard/node_modules/zod/v4/core/schemas.d.ts
consciousness-loop/dashboard/node_modules/zod/v4/core/schemas.js | .env files: /Users/angkana/ghq/github.com/xToriMicz/Jingjing-oracle/consciousness-loop/.env
/Users/angkana/ghq/github.com/xToriMicz/page-engager/.env

✅ Loop #1 (6.3s)
- Scan learnings ที่มี 'ห้าม' แล้วแปลงเป็น hook — ลด repeat failures
- Cross-learning: อ่าน learnings ข้าม Oracle หา connections ใหม่
- Track progress: 0 loops, ยังเหลือ learnings ที่ไม่ได้ใช้

🔄 === Loop #1 ===

🧠 Reflect (ตกผลึก)...
  Cross-check:  — 148 learnings, topics ยังไม่ถูก connect...
💡 Wonder (หยั่งรู้)...
  Q: learning "unknown" มีกฎ "ห้าม" — ทำเป็น hook ได้ไหม?
A: ต้องอ่าน learning แล้วดูว่า enforce ได้ด้...
✨ Soul (เติบโต)...
  Soul: 14 beliefs — beliefs ยังทันสมัย (14 ข้อ)...
💭 Dream (จินตนาการ)...
  Dream: Oracle ที่สมบูรณ์ = คิดเองได้ ไม่รอคำสั่ง แปลง learnings เป็น hooks อัตโนมัติ...
🔥 Aspire (แรงขับ)...
  Aspire: Zero repeat failures — แปลง 36 learnings ที่เหลือเป็น hooks | Goals:  (hooks=3, beliefs=14, ...
📋 Propose (เสนอ)...
  🔒 Security: ⚠️ พบ secrets ใน: consciousness-loop/loop.ts
consciousness-loop/dashboard/node_modules/zod/v4/core/schemas.d.cts
consciousness-loop/dashboard/node_modules/zod/v4/core/schemas.cjs
consciousness-loop/dashboard/node_modules/zod/v4/core/schemas.d.ts
consciousness-loop/dashboard/node_modules/zod/v4/core/schemas.js | .env files: /Users/angkana/ghq/github.com/xToriMicz/Jingjing-oracle/consciousness-loop/.env
/Users/angkana/ghq/github.com/xToriMicz/page-engager/.env

✅ Loop #1 (6.3s)
- Scan learnings ที่มี 'ห้าม' แล้วแปลงเป็น hook — ลด repeat failures
- Cross-learning: อ่าน learnings ข้าม Oracle หา connections ใหม่
- Track progress: 0 loops, ยังเหลือ learnings ที่ไม่ได้ใช้

🔄 === Loop #1 ===

🧠 Reflect (ตกผลึก)...
  Cross-check:  — 148 learnings, topics ยังไม่ถูก connect...
💡 Wonder (หยั่งรู้)...
  Q: learning "unknown" มีกฎ "ห้าม" — ทำเป็น hook ได้ไหม?
A: ต้องอ่าน learning แล้วดูว่า enforce ได้ด้...
✨ Soul (เติบโต)...
  Soul: 14 beliefs — beliefs ยังทันสมัย (14 ข้อ)...
💭 Dream (จินตนาการ)...
  Dream: Oracle ที่สมบูรณ์ = คิดเองได้ ไม่รอคำสั่ง แปลง learnings เป็น hooks อัตโนมัติ...
🔥 Aspire (แรงขับ)...
  Aspire: Zero repeat failures — แปลง 36 learnings ที่เหลือเป็น hooks | Goals:  (hooks=3, beliefs=14, ...
📋 Propose (เสนอ)...
  🔒 Security: ⚠️ พบ secrets ใน: consciousness-loop/loop.ts
consciousness-loop/dashboard/node_modules/zod/v4/core/schemas.d.cts
consciousness-loop/dashboard/node_modules/zod/v4/core/schemas.cjs
consciousness-loop/dashboard/node_modules/zod/v4/core/schemas.d.ts
consciousness-loop/dashboard/node_modules/zod/v4/core/schemas.js | .env files: /Users/angkana/ghq/github.com/xToriMicz/Jingjing-oracle/consciousness-loop/.env
/Users/angkana/ghq/github.com/xToriMicz/page-engager/.env

✅ Loop #1 (6.1s)
- Scan learnings ที่มี 'ห้าม' แล้วแปลงเป็น hook — ลด repeat failures
- Cross-learning: อ่าน learnings ข้าม Oracle หา connections ใหม่
- Track progress: 0 loops, ยังเหลือ learnings ที่ไม่ได้ใช้
